   Compiling libc v0.2.189
   Compiling proc-macro2 v1.0.107
   Compiling quote v1.0.47
   Compiling unicode-ident v1.0.24
   Compiling syn v3.0.4
   Compiling syn v2.0.119
   Compiling pin-project-lite v0.2.17
   Compiling futures-core v0.3.34
   Compiling synstructure v0.13.2
   Compiling cfg-if v1.0.4
   Compiling stable_deref_trait v1.2.1
   Compiling jobserver v0.1.35
   Compiling zerofrom-derive v0.1.7
   Compiling yoke-derive v0.8.2
   Compiling shlex v2.0.1
   Compiling zerofrom v0.1.8
   Compiling find-msvc-tools v0.1.11
   Compiling yoke v0.8.3
   Compiling cc v1.4.4
   Compiling zerovec-derive v0.11.6
   Compiling bytes v1.12.1
   Compiling zerovec v0.11.8
   Compiling displaydoc v0.2.7
   Compiling pkg-config v0.3.34
   Compiling typenum v1.20.1
   Compiling tinystr v0.8.4
   Compiling mio v1.2.2
   Compiling socket2 v0.6.5
   Compiling writeable v0.6.4
   Compiling once_cell v1.21.4
   Compiling litemap v0.8.3
   Compiling zerotrie v0.2.5
   Compiling icu_locale_core v2.3.0
   Compiling potential_utf v0.1.6
   Compiling utf8_iter v1.0.4
   Compiling memchr v2.8.3
   Compiling version_check v0.9.5
   Compiling icu_normalizer_data v2.3.0
   Compiling generic-array v0.14.9
   Compiling icu_provider v2.3.1
   Compiling icu_collections v2.3.0
   Compiling icu_properties_data v2.3.0
   Compiling itoa v1.0.18
   Compiling futures-io v0.3.34
   Compiling slab v0.4.12
   Compiling futures-task v0.3.34
   Compiling serde v1.0.229
   Compiling smallvec v1.15.2
   Compiling serde_derive v1.0.229
   Compiling percent-encoding v2.3.2
   Compiling serde_core v1.0.229
   Compiling icu_properties v2.3.0
   Compiling errno v0.3.14
   Compiling futures-sink v0.3.34
   Compiling scopeguard v1.2.0
   Compiling lock_api v0.4.14
   Compiling signal-hook-registry v1.4.8
   Compiling tracing-attributes v0.1.31
   Compiling tokio-macros v2.7.2
   Compiling parking_lot_core v0.9.12
   Compiling tokio v1.53.1
   Compiling form_urlencoded v1.2.2
   Compiling getrandom v0.4.3
   Compiling hybrid-array v0.4.14
   Compiling cmake v0.1.58
   Compiling dunce v1.0.5
   Compiling rand_core v0.10.1
   Compiling fs_extra v1.3.0
   Compiling aws-lc-sys v0.45.0
   Compiling log v0.4.34
   Compiling vcpkg v0.2.15
   Compiling equivalent v1.0.2
   Compiling futures-util v0.3.34
   Compiling tracing-core v0.1.36
   Compiling crossbeam-utils v0.8.22
   Compiling crypto-common v0.2.2
   Compiling http v1.5.0
   Compiling cpufeatures v0.2.17
   Compiling autocfg v1.5.1
   Compiling thiserror v2.0.20
   Compiling zmij v1.0.23
   Compiling aws-lc-rs v1.18.1
   Compiling hashbrown v0.17.1
   Compiling allocator-api2 v0.2.21
   Compiling foldhash v0.2.0
   Compiling hashbrown v0.16.1
   Compiling indexmap v2.14.1
   Compiling num-traits v0.2.19
   Compiling http-body v1.1.0
   Compiling tracing v0.1.44
   Compiling icu_normalizer v2.3.0
   Compiling thiserror-impl v2.0.20
   Compiling zeroize v1.9.0
   Compiling crc-catalog v2.5.0
   Compiling parking v2.2.1
   Compiling event-listener v5.4.2
   Compiling crc v3.4.0
   Compiling idna_adapter v1.2.2
   Compiling crossbeam-queue v0.3.13
   Compiling hashlink v0.11.1
   Compiling crypto-common v0.1.6
   Compiling block-buffer v0.10.4
   Compiling spin v0.9.9
   Compiling futures-channel v0.3.34
   Compiling base64 v0.22.1
   Compiling httparse v1.10.1
   Compiling tower-service v0.3.3
   Compiling cmov v0.5.4
   Compiling ctutils v0.4.2
   Compiling parking_lot v0.12.5
   Compiling digest v0.10.7
   Compiling idna v1.1.0
   Compiling rustls-pki-types v1.15.1
   Compiling libsqlite3-sys v0.37.0
   Compiling block-buffer v0.12.1
   Compiling untrusted v0.9.0
   Compiling rustls v0.23.43
   Compiling try-lock v0.2.5
   Compiling want v0.3.1
   Compiling tokio-stream v0.1.19
   Compiling either v1.18.0
   Compiling url v2.5.8
   Compiling atoi v2.0.0
   Compiling sha2 v0.10.9
   Compiling futures-intrusive v0.5.0
   Compiling sync_wrapper v1.0.2
   Compiling core-foundation-sys v0.8.7
   Compiling subtle v2.6.1
   Compiling tower-layer v0.3.3
   Compiling httpdate v1.0.3
   Compiling heck v0.5.0
   Compiling atomic-waker v1.1.2
   Compiling serde_json v1.0.151
   Compiling hyper v1.11.1
   Compiling sqlx-core v0.9.0
   Compiling futures-executor v0.3.34
   Compiling flume v0.12.0
   Compiling inout v0.2.2
   Compiling bitflags v2.13.1
   Compiling ipnet v2.12.1
   Compiling utf8parse v0.2.2
   Compiling anstyle-parse v1.0.0
   Compiling hyper-util v0.1.20
   Compiling sqlx-sqlite v0.9.0
   Compiling tower v0.5.3
   Compiling security-framework-sys v2.17.0
   Compiling core-foundation v0.10.1
   Compiling http-body-util v0.1.5
   Compiling dotenvy v0.15.7
   Compiling is_terminal_polyfill v1.70.2
   Compiling regex-syntax v0.8.11
   Compiling anstyle v1.0.14
   Compiling anstyle-query v1.1.5
   Compiling colorchoice v1.0.5
   Compiling const-oid v0.10.2
   Compiling ryu v1.0.23
   Compiling hex v0.4.3
   Compiling sqlx-macros-core v0.9.0
   Compiling digest v0.11.3
   Compiling anstream v1.0.0
   Compiling regex-automata v0.4.18
   Compiling security-framework v3.7.0
   Compiling cipher v0.5.2
   Compiling universal-hash v0.6.1
   Compiling lazy_static v1.5.0
   Compiling strsim v0.11.1
   Compiling clap_lex v1.1.0
   Compiling mime v0.3.17
   Compiling option-ext v0.2.0
   Compiling anyhow v1.0.104
   Compiling dirs-sys v0.5.0
   Compiling axum-core v0.5.6
   Compiling clap_builder v4.6.6
   Compiling sharded-slab v0.1.7
   Compiling poly1305 v0.9.1
   Compiling chacha20 v0.10.2
   Compiling matchers v0.2.0
   Compiling sqlx-macros v0.9.0
   Compiling serde_urlencoded v0.7.1
   Compiling tower-http v0.6.11
   Compiling rustls-webpki v0.103.15
   Compiling aead v0.6.1
   Compiling clap_derive v4.6.4
   Compiling tracing-log v0.2.0
   Compiling serde_path_to_error v0.1.20
   Compiling thread_local v1.1.10
   Compiling tokio-rustls v0.26.5
   Compiling hyper-rustls v0.27.9
   Compiling rustls-platform-verifier v0.7.0
   Compiling async-stream-impl v0.3.6
   Compiling cpufeatures v0.3.1
   Compiling jiff-core v0.1.0
   Compiling libyaml-rs v0.3.0
   Compiling nu-ansi-term v0.50.3
   Compiling matchit v0.8.4
   Compiling memo-map v0.3.4
   Compiling minijinja v2.24.0
   Compiling axum v0.8.9
   Compiling tracing-subscriber v0.3.23
   Compiling yaml_serde v0.10.7
   Compiling jiff v0.2.35
   Compiling sha2 v0.11.0
   Compiling async-stream v0.3.6
   Compiling reqwest v0.13.4
   Compiling clap v4.6.6
   Compiling chacha20poly1305 v0.11.0
   Compiling sqlx v0.9.0
   Compiling directories v6.0.0
   Compiling hmac v0.13.0
   Compiling tokio-util v0.7.19
   Compiling uuid v1.26.0
   Compiling kestrel v0.0.0 (/private/tmp/kestrel-contributor-baseline/checkout/crates/kestrel)
    Finished `dev` profile [unoptimized + debuginfo] target(s) in 1m 29s
real 89.77
user 121.51
sys 15.98
